

================================================================
== Vitis HLS Report for 'AXIvideo2MultiPixStream'
================================================================
* Date:           Tue Aug 19 22:11:05 2025

* Version:        2023.2 (Build 4023990 on Oct 11 2023)
* Project:        prj
* Solution:       sol (Vivado IP Flow Target)
* Product family: artix7
* Target device:  xc7a200t-fbg676-2


================================================================
== Performance Estimates
================================================================
+ Timing: 
    * Summary: 
    +--------+---------+----------+------------+
    |  Clock |  Target | Estimated| Uncertainty|
    +--------+---------+----------+------------+
    |ap_clk  |  6.67 ns|  5.412 ns|     1.80 ns|
    +--------+---------+----------+------------+

+ Latency: 
    * Summary: 
    +---------+---------+-----------+-----------+-----+---------+---------+
    |  Latency (cycles) |   Latency (absolute)  |    Interval   | Pipeline|
    |   min   |   max   |    min    |    max    | min |   max   |   Type  |
    +---------+---------+-----------+-----------+-----+---------+---------+
    |        6|  4170966|  40.002 ns|  27.808 ms|    6|  4170966|       no|
    +---------+---------+-----------+-----------+-----+---------+---------+

    + Detail: 
        * Instance: 
        +-----------------------------------------------------------------+------------------------------------------------------+---------+---------+-----------+-----------+-----+------+---------+
        |                                                                 |                                                      |  Latency (cycles) |   Latency (absolute)  |  Interval  | Pipeline|
        |                             Instance                            |                        Module                        |   min   |   max   |    min    |    max    | min |  max |   Type  |
        +-----------------------------------------------------------------+------------------------------------------------------+---------+---------+-----------+-----------+-----+------+---------+
        |grp_AXIvideo2MultiPixStream_Pipeline_loop_wait_for_start_fu_148  |AXIvideo2MultiPixStream_Pipeline_loop_wait_for_start  |        2|        2|  13.334 ns|  13.334 ns|    2|     2|       no|
        |grp_AXIvideo2MultiPixStream_Pipeline_loop_width_fu_168           |AXIvideo2MultiPixStream_Pipeline_loop_width           |        2|     1922|  13.334 ns|  12.814 us|    2|  1922|       no|
        |grp_AXIvideo2MultiPixStream_Pipeline_loop_wait_for_eol_fu_199    |AXIvideo2MultiPixStream_Pipeline_loop_wait_for_eol    |        2|        2|  13.334 ns|  13.334 ns|    2|     2|       no|
        |grp_reg_unsigned_short_s_fu_222                                  |reg_unsigned_short_s                                  |        1|        1|   6.667 ns|   6.667 ns|    1|     1|      yes|
        |grp_reg_unsigned_short_s_fu_243                                  |reg_unsigned_short_s                                  |        1|        1|   6.667 ns|   6.667 ns|    1|     1|      yes|
        +-----------------------------------------------------------------+------------------------------------------------------+---------+---------+-----------+-----------+-----+------+---------+

        * Loop: 
        +---------------+---------+---------+-----------+-----------+-----------+----------+----------+
        |               |  Latency (cycles) | Iteration |  Initiation Interval  |   Trip   |          |
        |   Loop Name   |   min   |   max   |  Latency  |  achieved |   target  |   Count  | Pipelined|
        +---------------+---------+---------+-----------+-----------+-----------+----------+----------+
        |- loop_height  |        0|  4170960|  11 ~ 1931|          -|          -|  0 ~ 2160|        no|
        +---------------+---------+---------+-----------+-----------+-----------+----------+----------+



================================================================
== Utilization Estimates
================================================================
* Summary: 
+-----------------+---------+-----+--------+--------+-----+
|       Name      | BRAM_18K| DSP |   FF   |   LUT  | URAM|
+-----------------+---------+-----+--------+--------+-----+
|DSP              |        -|    -|       -|       -|    -|
|Expression       |        -|    -|       0|      75|    -|
|FIFO             |        -|    -|       -|       -|    -|
|Instance         |        -|    -|     126|     332|    -|
|Memory           |        -|    -|       -|       -|    -|
|Multiplexer      |        -|    -|       -|     120|    -|
|Register         |        -|    -|     106|       -|    -|
+-----------------+---------+-----+--------+--------+-----+
|Total            |        0|    0|     232|     527|    0|
+-----------------+---------+-----+--------+--------+-----+
|Available        |      730|  740|  269200|  134600|    0|
+-----------------+---------+-----+--------+--------+-----+
|Utilization (%)  |        0|    0|      ~0|      ~0|    0|
+-----------------+---------+-----+--------+--------+-----+

+ Detail: 
    * Instance: 
    +-----------------------------------------------------------------+------------------------------------------------------+---------+----+----+-----+-----+
    |                             Instance                            |                        Module                        | BRAM_18K| DSP| FF | LUT | URAM|
    +-----------------------------------------------------------------+------------------------------------------------------+---------+----+----+-----+-----+
    |grp_AXIvideo2MultiPixStream_Pipeline_loop_wait_for_eol_fu_199    |AXIvideo2MultiPixStream_Pipeline_loop_wait_for_eol    |        0|   0|   4|   51|    0|
    |grp_AXIvideo2MultiPixStream_Pipeline_loop_wait_for_start_fu_148  |AXIvideo2MultiPixStream_Pipeline_loop_wait_for_start  |        0|   0|   4|   38|    0|
    |grp_AXIvideo2MultiPixStream_Pipeline_loop_width_fu_168           |AXIvideo2MultiPixStream_Pipeline_loop_width           |        0|   0|  68|  217|    0|
    |grp_reg_unsigned_short_s_fu_222                                  |reg_unsigned_short_s                                  |        0|   0|  25|   13|    0|
    |grp_reg_unsigned_short_s_fu_243                                  |reg_unsigned_short_s                                  |        0|   0|  25|   13|    0|
    +-----------------------------------------------------------------+------------------------------------------------------+---------+----+----+-----+-----+
    |Total                                                            |                                                      |        0|   0| 126|  332|    0|
    +-----------------------------------------------------------------+------------------------------------------------------+---------+----+----+-----+-----+

    * DSP: 
    N/A

    * Memory: 
    N/A

    * FIFO: 
    N/A

    * Expression: 
    +------------------------+----------+----+---+----+------------+------------+
    |      Variable Name     | Operation| DSP| FF| LUT| Bitwidth P0| Bitwidth P1|
    +------------------------+----------+----+---+----+------------+------------+
    |i_2_fu_275_p2           |         +|   0|  0|  19|          12|           1|
    |and_ln306_fu_281_p2     |       and|   0|  0|   2|           1|           1|
    |cmp10400_fu_251_p2      |      icmp|   0|  0|  18|          11|           1|
    |cond_fu_256_p2          |      icmp|   0|  0|  11|           3|           1|
    |icmp_ln253_fu_270_p2    |      icmp|   0|  0|  19|          12|          12|
    |ap_block_state1         |        or|   0|  0|   2|           1|           1|
    |select_ln306_fu_303_p3  |    select|   0|  0|   2|           1|           1|
    |xor_ln306_fu_261_p2     |       xor|   0|  0|   2|           1|           2|
    +------------------------+----------+----+---+----+------------+------------+
    |Total                   |          |   0|  0|  75|          42|          20|
    +------------------------+----------+----+---+----+------------+------------+

    * Multiplexer: 
    +---------------------+----+-----------+-----+-----------+
    |         Name        | LUT| Input Size| Bits| Total Bits|
    +---------------------+----+-----------+-----+-----------+
    |ap_NS_fsm            |  49|         12|    1|         12|
    |ap_done              |   9|          2|    1|          2|
    |axi_data_2_fu_84     |   9|          2|   48|         96|
    |axi_last_2_reg_138   |   9|          2|    1|          2|
    |i_fu_88              |   9|          2|   12|         24|
    |img_write            |   9|          2|    1|          2|
    |s_axis_video_TREADY  |  17|          4|    1|          4|
    |sof_reg_126          |   9|          2|    1|          2|
    +---------------------+----+-----------+-----+-----------+
    |Total                | 120|         28|   66|        144|
    +---------------------+----+-----------+-----+-----------+

    * Register: 
    +------------------------------------------------------------------------------+----+----+-----+-----------+
    |                                     Name                                     | FF | LUT| Bits| Const Bits|
    +------------------------------------------------------------------------------+----+----+-----+-----------+
    |and_ln306_reg_396                                                             |   1|   0|    1|          0|
    |ap_CS_fsm                                                                     |  11|   0|   11|          0|
    |ap_done_reg                                                                   |   1|   0|    1|          0|
    |axi_data_2_fu_84                                                              |  48|   0|   48|          0|
    |axi_last_2_reg_138                                                            |   1|   0|    1|          0|
    |axi_last_4_loc_fu_92                                                          |   1|   0|    1|          0|
    |cmp10400_reg_378                                                              |   1|   0|    1|          0|
    |cond_reg_383                                                                  |   1|   0|    1|          0|
    |grp_AXIvideo2MultiPixStream_Pipeline_loop_wait_for_eol_fu_199_ap_start_reg    |   1|   0|    1|          0|
    |grp_AXIvideo2MultiPixStream_Pipeline_loop_wait_for_start_fu_148_ap_start_reg  |   1|   0|    1|          0|
    |grp_AXIvideo2MultiPixStream_Pipeline_loop_width_fu_168_ap_start_reg           |   1|   0|    1|          0|
    |i_fu_88                                                                       |  12|   0|   12|          0|
    |rows_reg_370                                                                  |  12|   0|   12|          0|
    |select_ln306_reg_410                                                          |   1|   0|    1|          0|
    |sof_reg_126                                                                   |   1|   0|    1|          0|
    |trunc_ln_reg_364                                                              |  11|   0|   11|          0|
    |xor_ln306_reg_388                                                             |   1|   0|    1|          0|
    +------------------------------------------------------------------------------+----+----+-----+-----------+
    |Total                                                                         | 106|   0|  106|          0|
    +------------------------------------------------------------------------------+----+----+-----+-----------+



================================================================
== Interface
================================================================
* Summary: 
+---------------------+-----+-----+------------+-------------------------+--------------+
|      RTL Ports      | Dir | Bits|  Protocol  |      Source Object      |    C Type    |
+---------------------+-----+-----+------------+-------------------------+--------------+
|ap_clk               |   in|    1|  ap_ctrl_hs|  AXIvideo2MultiPixStream|  return value|
|ap_rst               |   in|    1|  ap_ctrl_hs|  AXIvideo2MultiPixStream|  return value|
|ap_start             |   in|    1|  ap_ctrl_hs|  AXIvideo2MultiPixStream|  return value|
|ap_done              |  out|    1|  ap_ctrl_hs|  AXIvideo2MultiPixStream|  return value|
|ap_continue          |   in|    1|  ap_ctrl_hs|  AXIvideo2MultiPixStream|  return value|
|ap_idle              |  out|    1|  ap_ctrl_hs|  AXIvideo2MultiPixStream|  return value|
|ap_ready             |  out|    1|  ap_ctrl_hs|  AXIvideo2MultiPixStream|  return value|
|s_axis_video_TDATA   |   in|   48|        axis|    s_axis_video_V_data_V|       pointer|
|s_axis_video_TVALID  |   in|    1|        axis|    s_axis_video_V_dest_V|       pointer|
|s_axis_video_TREADY  |  out|    1|        axis|    s_axis_video_V_dest_V|       pointer|
|s_axis_video_TDEST   |   in|    1|        axis|    s_axis_video_V_dest_V|       pointer|
|s_axis_video_TKEEP   |   in|    6|        axis|    s_axis_video_V_keep_V|       pointer|
|s_axis_video_TSTRB   |   in|    6|        axis|    s_axis_video_V_strb_V|       pointer|
|s_axis_video_TUSER   |   in|    1|        axis|    s_axis_video_V_user_V|       pointer|
|s_axis_video_TLAST   |   in|    1|        axis|    s_axis_video_V_last_V|       pointer|
|s_axis_video_TID     |   in|    1|        axis|      s_axis_video_V_id_V|       pointer|
|img_din              |  out|   48|     ap_fifo|                      img|       pointer|
|img_num_data_valid   |   in|    3|     ap_fifo|                      img|       pointer|
|img_fifo_cap         |   in|    3|     ap_fifo|                      img|       pointer|
|img_full_n           |   in|    1|     ap_fifo|                      img|       pointer|
|img_write            |  out|    1|     ap_fifo|                      img|       pointer|
|Height_val           |   in|   12|   ap_stable|               Height_val|        scalar|
|WidthIn_val          |   in|   12|   ap_stable|              WidthIn_val|        scalar|
|colorFormat_val      |   in|    3|     ap_none|          colorFormat_val|        scalar|
+---------------------+-----+-----+------------+-------------------------+--------------+

