

================================================================
== Vitis HLS Report for 'AXIvideo2MultiPixStream_Pipeline_loop_wait_for_eol'
================================================================
* Date:           Tue Aug 19 22:11:05 2025

* Version:        2023.2 (Build 4023990 on Oct 11 2023)
* Project:        prj
* Solution:       sol (Vivado IP Flow Target)
* Product family: artix7
* Target device:  xc7a200t-fbg676-2


================================================================
== Performance Estimates
================================================================
+ Timing: 
    * Summary: 
    +--------+---------+----------+------------+
    |  Clock |  Target | Estimated| Uncertainty|
    +--------+---------+----------+------------+
    |ap_clk  |  6.67 ns|  3.648 ns|     1.80 ns|
    +--------+---------+----------+------------+

+ Latency: 
    * Summary: 
    +---------+---------+-----------+-----------+-----+-----+---------+
    |  Latency (cycles) |   Latency (absolute)  |  Interval | Pipeline|
    |   min   |   max   |    min    |    max    | min | max |   Type  |
    +---------+---------+-----------+-----------+-----+-----+---------+
    |        2|        2|  13.334 ns|  13.334 ns|    2|    2|       no|
    +---------+---------+-----------+-----------+-----+-----+---------+

    + Detail: 
        * Instance: 
        N/A

        * Loop: 
        +---------------------+---------+---------+----------+-----------+-----------+------+----------+
        |                     |  Latency (cycles) | Iteration|  Initiation Interval  | Trip |          |
        |      Loop Name      |   min   |   max   |  Latency |  achieved |   target  | Count| Pipelined|
        +---------------------+---------+---------+----------+-----------+-----------+------+----------+
        |- loop_wait_for_eol  |        0|        0|         1|          1|          1|     0|       yes|
        +---------------------+---------+---------+----------+-----------+-----------+------+----------+



================================================================
== Utilization Estimates
================================================================
* Summary: 
+-----------------+---------+-----+--------+--------+-----+
|       Name      | BRAM_18K| DSP |   FF   |   LUT  | URAM|
+-----------------+---------+-----+--------+--------+-----+
|DSP              |        -|    -|       -|       -|    -|
|Expression       |        -|    -|       0|       2|    -|
|FIFO             |        -|    -|       -|       -|    -|
|Instance         |        -|    -|       -|       -|    -|
|Memory           |        -|    -|       -|       -|    -|
|Multiplexer      |        -|    -|       -|      49|    -|
|Register         |        -|    -|       4|       -|    -|
+-----------------+---------+-----+--------+--------+-----+
|Total            |        0|    0|       4|      51|    0|
+-----------------+---------+-----+--------+--------+-----+
|Available        |      730|  740|  269200|  134600|    0|
+-----------------+---------+-----+--------+--------+-----+
|Utilization (%)  |        0|    0|      ~0|      ~0|    0|
+-----------------+---------+-----+--------+--------+-----+

+ Detail: 
    * Instance: 
    N/A

    * DSP: 
    N/A

    * Memory: 
    N/A

    * FIFO: 
    N/A

    * Expression: 
    +----------------------------------+----------+----+---+----+------------+------------+
    |           Variable Name          | Operation| DSP| FF| LUT| Bitwidth P0| Bitwidth P1|
    +----------------------------------+----------+----+---+----+------------+------------+
    |ap_block_state1_pp0_stage0_iter0  |        or|   0|  0|   2|           1|           1|
    +----------------------------------+----------+----+---+----+------------+------------+
    |Total                             |          |   0|  0|   2|           1|           1|
    +----------------------------------+----------+----+---+----+------------+------------+

    * Multiplexer: 
    +-------------------------------------+----+-----------+-----+-----------+
    |                 Name                | LUT| Input Size| Bits| Total Bits|
    +-------------------------------------+----+-----------+-----+-----------+
    |ap_done_int                          |   9|          2|    1|          2|
    |ap_phi_mux_axi_last_4_phi_fu_106_p4  |   9|          2|    1|          2|
    |ap_phi_mux_eol_2_phi_fu_117_p4       |   9|          2|    1|          2|
    |axi_data_4_out                       |  13|          3|   48|        144|
    |s_axis_video_TDATA_blk_n             |   9|          2|    1|          2|
    +-------------------------------------+----+-----------+-----+-----------+
    |Total                                |  49|         11|   52|        152|
    +-------------------------------------+----+-----------+-----+-----------+

    * Register: 
    +--------------------+---+----+-----+-----------+
    |        Name        | FF| LUT| Bits| Const Bits|
    +--------------------+---+----+-----+-----------+
    |ap_CS_fsm           |  1|   0|    1|          0|
    |ap_done_reg         |  1|   0|    1|          0|
    |axi_last_4_reg_103  |  1|   0|    1|          0|
    |eol_2_reg_114       |  1|   0|    1|          0|
    +--------------------+---+----+-----+-----------+
    |Total               |  4|   0|    4|          0|
    +--------------------+---+----+-----+-----------+



================================================================
== Interface
================================================================
* Summary: 
+-----------------------+-----+-----+------------+----------------------------------------------------+--------------+
|       RTL Ports       | Dir | Bits|  Protocol  |                    Source Object                   |    C Type    |
+-----------------------+-----+-----+------------+----------------------------------------------------+--------------+
|ap_clk                 |   in|    1|  ap_ctrl_hs|  AXIvideo2MultiPixStream_Pipeline_loop_wait_for_eol|  return value|
|ap_rst                 |   in|    1|  ap_ctrl_hs|  AXIvideo2MultiPixStream_Pipeline_loop_wait_for_eol|  return value|
|ap_start               |   in|    1|  ap_ctrl_hs|  AXIvideo2MultiPixStream_Pipeline_loop_wait_for_eol|  return value|
|ap_done                |  out|    1|  ap_ctrl_hs|  AXIvideo2MultiPixStream_Pipeline_loop_wait_for_eol|  return value|
|ap_idle                |  out|    1|  ap_ctrl_hs|  AXIvideo2MultiPixStream_Pipeline_loop_wait_for_eol|  return value|
|ap_ready               |  out|    1|  ap_ctrl_hs|  AXIvideo2MultiPixStream_Pipeline_loop_wait_for_eol|  return value|
|s_axis_video_TVALID    |   in|    1|        axis|                               s_axis_video_V_data_V|       pointer|
|s_axis_video_TDATA     |   in|   48|        axis|                               s_axis_video_V_data_V|       pointer|
|axi_data_3_reload      |   in|   48|     ap_none|                                   axi_data_3_reload|        scalar|
|select_ln306           |   in|    1|     ap_none|                                        select_ln306|        scalar|
|eol_reload             |   in|    1|     ap_none|                                          eol_reload|        scalar|
|s_axis_video_TREADY    |  out|    1|        axis|                               s_axis_video_V_dest_V|       pointer|
|s_axis_video_TDEST     |   in|    1|        axis|                               s_axis_video_V_dest_V|       pointer|
|s_axis_video_TKEEP     |   in|    6|        axis|                               s_axis_video_V_keep_V|       pointer|
|s_axis_video_TSTRB     |   in|    6|        axis|                               s_axis_video_V_strb_V|       pointer|
|s_axis_video_TUSER     |   in|    1|        axis|                               s_axis_video_V_user_V|       pointer|
|s_axis_video_TLAST     |   in|    1|        axis|                               s_axis_video_V_last_V|       pointer|
|s_axis_video_TID       |   in|    1|        axis|                                 s_axis_video_V_id_V|       pointer|
|axi_data_4_out         |  out|   48|      ap_vld|                                      axi_data_4_out|       pointer|
|axi_data_4_out_ap_vld  |  out|    1|      ap_vld|                                      axi_data_4_out|       pointer|
|axi_last_4_out         |  out|    1|      ap_vld|                                      axi_last_4_out|       pointer|
|axi_last_4_out_ap_vld  |  out|    1|      ap_vld|                                      axi_last_4_out|       pointer|
+-----------------------+-----+-----+------------+----------------------------------------------------+--------------+

