

================================================================
== Vitis HLS Report for 'Bytes2AXIMMvideo'
================================================================
* Date:           Tue Aug 19 22:11:06 2025

* Version:        2023.2 (Build 4023990 on Oct 11 2023)
* Project:        prj
* Solution:       sol (Vivado IP Flow Target)
* Product family: artix7
* Target device:  xc7a200t-fbg676-2


================================================================
== Performance Estimates
================================================================
+ Timing: 
    * Summary: 
    +--------+---------+----------+------------+
    |  Clock |  Target | Estimated| Uncertainty|
    +--------+---------+----------+------------+
    |ap_clk  |  6.67 ns|  4.867 ns|     1.80 ns|
    +--------+---------+----------+------------+

+ Latency: 
    * Summary: 
    +---------+----------+----------+-----------+-----+----------+---------+
    |  Latency (cycles)  |  Latency (absolute)  |    Interval    | Pipeline|
    |   min   |    max   |    min   |    max    | min |    max   |   Type  |
    +---------+----------+----------+-----------+-----+----------+---------+
    |        1|  18174241|  6.667 ns|  0.121 sec|    1|  18174241|       no|
    +---------+----------+----------+-----------+-----+----------+---------+

    + Detail: 
        * Instance: 
        +--------------------------------------------------------+---------------------------------------------+---------+---------+-----------+-----------+-----+------+---------+
        |                                                        |                                             |  Latency (cycles) |   Latency (absolute)  |  Interval  | Pipeline|
        |                        Instance                        |                    Module                   |   min   |   max   |    min    |    max    | min |  max |   Type  |
        +--------------------------------------------------------+---------------------------------------------+---------+---------+-----------+-----------+-----+------+---------+
        |grp_Bytes2AXIMMvideo_Pipeline_VITIS_LOOP_1285_1_fu_145  |Bytes2AXIMMvideo_Pipeline_VITIS_LOOP_1285_1  |        2|     4099|  13.334 ns|  27.328 us|    2|  4099|       no|
        +--------------------------------------------------------+---------------------------------------------+---------+---------+-----------+-----------+-----+------+---------+

        * Loop: 
        +--------------------------------+---------+----------+------------+-----------+-----------+----------+----------+
        |                                |  Latency (cycles)  |  Iteration |  Initiation Interval  |   Trip   |          |
        |            Loop Name           |   min   |    max   |   Latency  |  achieved |   target  |   Count  | Pipelined|
        +--------------------------------+---------+----------+------------+-----------+-----------+----------+----------+
        |- loop_Bytes2AXIMMvideo_1plane  |        0|  18174240|  110 ~ 4207|          -|          -|  0 ~ 4320|        no|
        +--------------------------------+---------+----------+------------+-----------+-----------+----------+----------+



================================================================
== Utilization Estimates
================================================================
* Summary: 
+-----------------+---------+-----+--------+--------+-----+
|       Name      | BRAM_18K| DSP |   FF   |   LUT  | URAM|
+-----------------+---------+-----+--------+--------+-----+
|DSP              |        -|    -|       -|       -|    -|
|Expression       |        -|    -|       0|     133|    -|
|FIFO             |        -|    -|       -|       -|    -|
|Instance         |        -|    -|     145|      98|    -|
|Memory           |        -|    -|       -|       -|    -|
|Multiplexer      |        -|    -|       -|     759|    -|
|Register         |        -|    -|     243|       -|    -|
+-----------------+---------+-----+--------+--------+-----+
|Total            |        0|    0|     388|     990|    0|
+-----------------+---------+-----+--------+--------+-----+
|Available        |      730|  740|  269200|  134600|    0|
+-----------------+---------+-----+--------+--------+-----+
|Utilization (%)  |        0|    0|      ~0|      ~0|    0|
+-----------------+---------+-----+--------+--------+-----+

+ Detail: 
    * Instance: 
    +--------------------------------------------------------+---------------------------------------------+---------+----+-----+----+-----+
    |                        Instance                        |                    Module                   | BRAM_18K| DSP|  FF | LUT| URAM|
    +--------------------------------------------------------+---------------------------------------------+---------+----+-----+----+-----+
    |grp_Bytes2AXIMMvideo_Pipeline_VITIS_LOOP_1285_1_fu_145  |Bytes2AXIMMvideo_Pipeline_VITIS_LOOP_1285_1  |        0|   0|  145|  98|    0|
    +--------------------------------------------------------+---------------------------------------------+---------+----+-----+----+-----+
    |Total                                                   |                                             |        0|   0|  145|  98|    0|
    +--------------------------------------------------------+---------------------------------------------+---------+----+-----+----+-----+

    * DSP: 
    N/A

    * Memory: 
    N/A

    * FIFO: 
    N/A

    * Expression: 
    +-----------------------+----------+----+---+----+------------+------------+
    |     Variable Name     | Operation| DSP| FF| LUT| Bitwidth P0| Bitwidth P1|
    +-----------------------+----------+----+---+----+------------+------------+
    |add_ln1275_fu_159_p2   |         +|   0|  0|  23|          16|           4|
    |add_ln1285_fu_232_p2   |         +|   0|  0|  39|          32|          32|
    |add_ln1291_fu_247_p2   |         +|   0|  0|  31|          24|          24|
    |y_4_fu_211_p2          |         +|   0|  0|  19|          12|           1|
    |icmp_ln1281_fu_206_p2  |      icmp|   0|  0|  19|          12|          12|
    |ap_block_state1        |        or|   0|  0|   2|           1|           1|
    +-----------------------+----------+----+---+----+------------+------------+
    |Total                  |          |   0|  0| 133|          97|          74|
    +-----------------------+----------+----+---+----+------------+------------+

    * Multiplexer: 
    +-------------------------+-----+-----------+-----+-----------+
    |           Name          | LUT | Input Size| Bits| Total Bits|
    +-------------------------+-----+-----------+-----+-----------+
    |WidthInBytes_val_blk_n   |    9|          2|    1|          2|
    |ap_NS_fsm                |  545|        110|    1|        110|
    |ap_done                  |    9|          2|    1|          2|
    |bytePlanes_read          |    9|          2|    1|          2|
    |dstImg_blk_n             |    9|          2|    1|          2|
    |m_axi_mm_video_AWADDR    |   13|          3|   32|         96|
    |m_axi_mm_video_AWBURST   |    9|          2|    2|          4|
    |m_axi_mm_video_AWCACHE   |    9|          2|    4|          8|
    |m_axi_mm_video_AWID      |    9|          2|    1|          2|
    |m_axi_mm_video_AWLEN     |   13|          3|   32|         96|
    |m_axi_mm_video_AWLOCK    |    9|          2|    2|          4|
    |m_axi_mm_video_AWPROT    |    9|          2|    3|          6|
    |m_axi_mm_video_AWQOS     |    9|          2|    4|          8|
    |m_axi_mm_video_AWREGION  |    9|          2|    4|          8|
    |m_axi_mm_video_AWSIZE    |    9|          2|    3|          6|
    |m_axi_mm_video_AWUSER    |    9|          2|    1|          2|
    |m_axi_mm_video_AWVALID   |   13|          3|    1|          3|
    |m_axi_mm_video_BREADY    |   13|          3|    1|          3|
    |m_axi_mm_video_WVALID    |    9|          2|    1|          2|
    |mm_video_blk_n_AW        |    9|          2|    1|          2|
    |mm_video_blk_n_B         |    9|          2|    1|          2|
    |y_fu_106                 |    9|          2|   12|         24|
    |yoffset_fu_110           |    9|          2|   24|         48|
    +-------------------------+-----+-----------+-----+-----------+
    |Total                    |  759|        158|  134|        442|
    +-------------------------+-----+-----------+-----+-----------+

    * Register: 
    +---------------------------------------------------------------------+-----+----+-----+-----------+
    |                                 Name                                |  FF | LUT| Bits| Const Bits|
    +---------------------------------------------------------------------+-----+----+-----+-----------+
    |ap_CS_fsm                                                            |  109|   0|  109|          0|
    |ap_done_reg                                                          |    1|   0|    1|          0|
    |dstImg_read_reg_291                                                  |   32|   0|   32|          0|
    |grp_Bytes2AXIMMvideo_Pipeline_VITIS_LOOP_1285_1_fu_145_ap_start_reg  |    1|   0|    1|          0|
    |loopWidth_reg_296                                                    |   12|   0|   12|          0|
    |trunc_ln3_reg_314                                                    |   28|   0|   28|          0|
    |y_fu_106                                                             |   12|   0|   12|          0|
    |yoffset_fu_110                                                       |   24|   0|   24|          0|
    |zext_ln1275_1_reg_301                                                |   12|   0|   32|         20|
    |zext_ln1281_reg_306                                                  |   12|   0|   24|         12|
    +---------------------------------------------------------------------+-----+----+-----+-----------+
    |Total                                                                |  243|   0|  275|         32|
    +---------------------------------------------------------------------+-----+----+-----+-----------+



================================================================
== Interface
================================================================
* Summary: 
+---------------------------------+-----+-----+------------+-------------------+--------------+
|            RTL Ports            | Dir | Bits|  Protocol  |   Source Object   |    C Type    |
+---------------------------------+-----+-----+------------+-------------------+--------------+
|ap_clk                           |   in|    1|  ap_ctrl_hs|   Bytes2AXIMMvideo|  return value|
|ap_rst                           |   in|    1|  ap_ctrl_hs|   Bytes2AXIMMvideo|  return value|
|ap_start                         |   in|    1|  ap_ctrl_hs|   Bytes2AXIMMvideo|  return value|
|ap_done                          |  out|    1|  ap_ctrl_hs|   Bytes2AXIMMvideo|  return value|
|ap_continue                      |   in|    1|  ap_ctrl_hs|   Bytes2AXIMMvideo|  return value|
|ap_idle                          |  out|    1|  ap_ctrl_hs|   Bytes2AXIMMvideo|  return value|
|ap_ready                         |  out|    1|  ap_ctrl_hs|   Bytes2AXIMMvideo|  return value|
|bytePlanes_dout                  |   in|  128|     ap_fifo|         bytePlanes|       pointer|
|bytePlanes_num_data_valid        |   in|   10|     ap_fifo|         bytePlanes|       pointer|
|bytePlanes_fifo_cap              |   in|   10|     ap_fifo|         bytePlanes|       pointer|
|bytePlanes_empty_n               |   in|    1|     ap_fifo|         bytePlanes|       pointer|
|bytePlanes_read                  |  out|    1|     ap_fifo|         bytePlanes|       pointer|
|m_axi_mm_video_AWVALID           |  out|    1|       m_axi|           mm_video|       pointer|
|m_axi_mm_video_AWREADY           |   in|    1|       m_axi|           mm_video|       pointer|
|m_axi_mm_video_AWADDR            |  out|   32|       m_axi|           mm_video|       pointer|
|m_axi_mm_video_AWID              |  out|    1|       m_axi|           mm_video|       pointer|
|m_axi_mm_video_AWLEN             |  out|   32|       m_axi|           mm_video|       pointer|
|m_axi_mm_video_AWSIZE            |  out|    3|       m_axi|           mm_video|       pointer|
|m_axi_mm_video_AWBURST           |  out|    2|       m_axi|           mm_video|       pointer|
|m_axi_mm_video_AWLOCK            |  out|    2|       m_axi|           mm_video|       pointer|
|m_axi_mm_video_AWCACHE           |  out|    4|       m_axi|           mm_video|       pointer|
|m_axi_mm_video_AWPROT            |  out|    3|       m_axi|           mm_video|       pointer|
|m_axi_mm_video_AWQOS             |  out|    4|       m_axi|           mm_video|       pointer|
|m_axi_mm_video_AWREGION          |  out|    4|       m_axi|           mm_video|       pointer|
|m_axi_mm_video_AWUSER            |  out|    1|       m_axi|           mm_video|       pointer|
|m_axi_mm_video_WVALID            |  out|    1|       m_axi|           mm_video|       pointer|
|m_axi_mm_video_WREADY            |   in|    1|       m_axi|           mm_video|       pointer|
|m_axi_mm_video_WDATA             |  out|  128|       m_axi|           mm_video|       pointer|
|m_axi_mm_video_WSTRB             |  out|   16|       m_axi|           mm_video|       pointer|
|m_axi_mm_video_WLAST             |  out|    1|       m_axi|           mm_video|       pointer|
|m_axi_mm_video_WID               |  out|    1|       m_axi|           mm_video|       pointer|
|m_axi_mm_video_WUSER             |  out|    1|       m_axi|           mm_video|       pointer|
|m_axi_mm_video_ARVALID           |  out|    1|       m_axi|           mm_video|       pointer|
|m_axi_mm_video_ARREADY           |   in|    1|       m_axi|           mm_video|       pointer|
|m_axi_mm_video_ARADDR            |  out|   32|       m_axi|           mm_video|       pointer|
|m_axi_mm_video_ARID              |  out|    1|       m_axi|           mm_video|       pointer|
|m_axi_mm_video_ARLEN             |  out|   32|       m_axi|           mm_video|       pointer|
|m_axi_mm_video_ARSIZE            |  out|    3|       m_axi|           mm_video|       pointer|
|m_axi_mm_video_ARBURST           |  out|    2|       m_axi|           mm_video|       pointer|
|m_axi_mm_video_ARLOCK            |  out|    2|       m_axi|           mm_video|       pointer|
|m_axi_mm_video_ARCACHE           |  out|    4|       m_axi|           mm_video|       pointer|
|m_axi_mm_video_ARPROT            |  out|    3|       m_axi|           mm_video|       pointer|
|m_axi_mm_video_ARQOS             |  out|    4|       m_axi|           mm_video|       pointer|
|m_axi_mm_video_ARREGION          |  out|    4|       m_axi|           mm_video|       pointer|
|m_axi_mm_video_ARUSER            |  out|    1|       m_axi|           mm_video|       pointer|
|m_axi_mm_video_RVALID            |   in|    1|       m_axi|           mm_video|       pointer|
|m_axi_mm_video_RREADY            |  out|    1|       m_axi|           mm_video|       pointer|
|m_axi_mm_video_RDATA             |   in|  128|       m_axi|           mm_video|       pointer|
|m_axi_mm_video_RLAST             |   in|    1|       m_axi|           mm_video|       pointer|
|m_axi_mm_video_RID               |   in|    1|       m_axi|           mm_video|       pointer|
|m_axi_mm_video_RFIFONUM          |   in|    9|       m_axi|           mm_video|       pointer|
|m_axi_mm_video_RUSER             |   in|    1|       m_axi|           mm_video|       pointer|
|m_axi_mm_video_RRESP             |   in|    2|       m_axi|           mm_video|       pointer|
|m_axi_mm_video_BVALID            |   in|    1|       m_axi|           mm_video|       pointer|
|m_axi_mm_video_BREADY            |  out|    1|       m_axi|           mm_video|       pointer|
|m_axi_mm_video_BRESP             |   in|    2|       m_axi|           mm_video|       pointer|
|m_axi_mm_video_BID               |   in|    1|       m_axi|           mm_video|       pointer|
|m_axi_mm_video_BUSER             |   in|    1|       m_axi|           mm_video|       pointer|
|dstImg_dout                      |   in|   32|     ap_fifo|             dstImg|       pointer|
|dstImg_num_data_valid            |   in|    3|     ap_fifo|             dstImg|       pointer|
|dstImg_fifo_cap                  |   in|    3|     ap_fifo|             dstImg|       pointer|
|dstImg_empty_n                   |   in|    1|     ap_fifo|             dstImg|       pointer|
|dstImg_read                      |  out|    1|     ap_fifo|             dstImg|       pointer|
|Height_val                       |   in|   12|   ap_stable|         Height_val|        scalar|
|WidthInBytes_val_dout            |   in|   15|     ap_fifo|   WidthInBytes_val|       pointer|
|WidthInBytes_val_num_data_valid  |   in|    3|     ap_fifo|   WidthInBytes_val|       pointer|
|WidthInBytes_val_fifo_cap        |   in|    3|     ap_fifo|   WidthInBytes_val|       pointer|
|WidthInBytes_val_empty_n         |   in|    1|     ap_fifo|   WidthInBytes_val|       pointer|
|WidthInBytes_val_read            |  out|    1|     ap_fifo|   WidthInBytes_val|       pointer|
|StrideInBytes_val                |   in|   16|   ap_stable|  StrideInBytes_val|        scalar|
+---------------------------------+-----+-----+------------+-------------------+--------------+

